[2020-01-01 21:54:40,291] INFO [ReplicaAlterLogDirsManager on broker 1] Removed fetcher for partitions  (kafka.server.ReplicaAlterLogDirsManager)
[2020-01-01 21:54:40,291] INFO [ReplicaFetcherManager on broker 1] Removed fetcher for partitions server1-p63718777-m65174320-s-2019-11-30-14-02-11-1 (kafka.server.ReplicaFetcherManager)
[2020-01-01 21:54:40,291] INFO [ReplicaAlterLogDirsManager on broker 1] Removed fetcher for partitions server1-p63718777-m65174320-s-2019-11-30-14-02-11-1 (kafka.server.ReplicaAlterLogDirsManager)
[2020-01-01 21:54:40,291] INFO [ReplicaFetcherManager on broker 1] Removed fetcher for partitions server1-p63718777-m65174320-s-2019-11-30-14-02-11-2 (kafka.server.ReplicaFetcherManager)
[2020-01-01 21:54:40,291] INFO [ReplicaAlterLogDirsManager on broker 1] Removed fetcher for partitions server1-p63718777-m65174320-s-2019-11-30-14-02-11-2 (kafka.server.ReplicaAlterLogDirsManager)
[2020-01-01 21:54:40,292] INFO [GroupMetadataManager brokerId=1] Removed 0 expired offsets in 0 milliseconds. (kafka.coordinator.group.GroupMetadataManager)
[2020-01-01 21:54:40,295] INFO [GroupMetadataManager brokerId=1] Removed 0 expired offsets in 0 milliseconds. (kafka.coordinator.group.GroupMetadataManager)
[2020-01-01 21:54:40,297] INFO [ReplicaFetcherManager on broker 1] Removed fetcher for partitions  (kafka.server.ReplicaFetcherManager)
[2020-01-01 21:54:40,297] INFO [ReplicaAlterLogDirsManager on broker 1] Removed fetcher for partitions  (kafka.server.ReplicaAlterLogDirsManager)
[2020-01-01 21:54:40,297] INFO [ReplicaFetcherManager on broker 1] Removed fetcher for partitions server3-p3354627-m24987212-s-2019-10-10-23-37-18-1 (kafka.server.ReplicaFetcherManager)
[2020-01-01 21:54:40,297] INFO [ReplicaAlterLogDirsManager on broker 1] Removed fetcher for partitions server3-p3354627-m24987212-s-2019-10-10-23-37-18-1 (kafka.server.ReplicaAlterLogDirsManager)
[2020-01-01 21:54:40,297] INFO [ReplicaFetcherManager on broker 1] Removed fetcher for partitions server3-p3354627-m24987212-s-2019-10-10-23-37-18-0 (kafka.server.ReplicaFetcherManager)
[2020-01-01 21:54:40,297] INFO [ReplicaAlterLogDirsManager on broker 1] Removed fetcher for partitions server3-p3354627-m24987212-s-2019-10-10-23-37-18-0 (kafka.server.ReplicaAlterLogDirsManager)
[2020-01-01 21:54:40,305] INFO [GroupMetadataManager brokerId=1] Removed 0 expired offsets in 0 milliseconds. (kafka.coordinator.group.GroupMetadataManager)
[2020-01-01 21:54:40,307] INFO [ReplicaFetcherManager on broker 1] Removed fetcher for partitions  (kafka.server.ReplicaFetcherManager)
[2020-01-01 21:54:40,307] INFO [ReplicaAlterLogDirsManager on broker 1] Removed fetcher for partitions  (kafka.server.ReplicaAlterLogDirsManager)
[2020-01-01 21:54:40,307] INFO [ReplicaFetcherManager on broker 1] Removed fetcher for partitions server2-p9458294-m10671835-s-2019-10-13-06-23-35-0 (kafka.server.ReplicaFetcherManager)
[2020-01-01 21:54:40,307] INFO [ReplicaAlterLogDirsManager on broker 1] Removed fetcher for partitions server2-p9458294-m10671835-s-2019-10-13-06-23-35-0 (kafka.server.ReplicaAlterLogDirsManager)
[2020-01-01 21:54:40,308] INFO [GroupMetadataManager brokerId=1] Removed 0 expired offsets in 0 milliseconds. (kafka.coordinator.group.GroupMetadataManager)
[2020-01-01 21:54:40,310] INFO [ReplicaFetcherManager on broker 1] Removed fetcher for partitions  (kafka.server.ReplicaFetcherManager)
[2020-01-01 21:54:40,310] INFO [ReplicaAlterLogDirsManager on broker 1] Removed fetcher for partitions  (kafka.server.ReplicaAlterLogDirsManager)
[2020-01-01 21:54:40,310] INFO [ReplicaFetcherManager on broker 1] Removed fetcher for partitions server1-p63718777-m65147027-s-2019-10-13-19-38-29-2 (kafka.server.ReplicaFetcherManager)
[2020-01-01 21:54:40,310] INFO [ReplicaAlterLogDirsManager on broker 1] Removed fetcher for partitions server1-p63718777-m65147027-s-2019-10-13-19-38-29-2 (kafka.server.ReplicaAlterLogDirsManager)
[2020-01-01 21:54:40,310] INFO [GroupMetadataManager brokerId=1] Removed 0 expired offsets in 0 milliseconds. (kafka.coordinator.group.GroupMetadataManager)
[2020-01-01 21:54:40,312] INFO [ReplicaFetcherManager on broker 1] Removed fetcher for partitions  (kafka.server.ReplicaFetcherManager)
[2020-01-01 21:54:40,312] INFO [ReplicaAlterLogDirsManager on broker 1] Removed fetcher for partitions  (kafka.server.ReplicaAlterLogDirsManager)
[2020-01-01 21:54:40,313] INFO [ReplicaFetcherManager on broker 1] Removed fetcher for partitions server1-p28869389-m34059846-s-2019-10-10-23-45-53-2 (kafka.server.ReplicaFetcherManager)
[2020-01-01 21:54:40,313] INFO [ReplicaAlterLogDirsManager on broker 1] Removed fetcher for partitions server1-p28869389-m34059846-s-2019-10-10-23-45-53-2 (kafka.server.ReplicaAlterLogDirsManager)
[2020-01-01 21:54:40,313] INFO [ReplicaFetcherManager on broker 1] Removed fetcher for partitions server1-p28869389-m34059846-s-2019-10-10-23-45-53-0 (kafka.server.ReplicaFetcherManager)
[2020-01-01 21:54:40,313] INFO [ReplicaAlterLogDirsManager on broker 1] Removed fetcher for partitions server1-p28869389-m34059846-s-2019-10-10-23-45-53-0 (kafka.server.ReplicaAlterLogDirsManager)
[2020-01-01 21:54:40,315] INFO [GroupMetadataManager brokerId=1] Removed 0 expired offsets in 0 milliseconds. (kafka.coordinator.group.GroupMetadataManager)
[2020-01-01 21:54:40,317] INFO [ReplicaFetcherManager on broker 1] Removed fetcher for partitions  (kafka.server.ReplicaFetcherManager)
[2020-01-01 21:54:40,317] INFO [ReplicaAlterLogDirsManager on broker 1] Removed fetcher for partitions  (kafka.server.ReplicaAlterLogDirsManager)
[2020-01-01 21:54:40,317] INFO [ReplicaFetcherManager on broker 1] Removed fetcher for partitions server1-p63718777-m65147027-s-2019-11-30-13-52-26-2 (kafka.server.ReplicaFetcherManager)
[2020-01-01 21:54:40,317] INFO [ReplicaAlterLogDirsManager on broker 1] Removed fetcher for partitions server1-p63718777-m65147027-s-2019-11-30-13-52-26-2 (kafka.server.ReplicaAlterLogDirsManager)
[2020-01-01 21:54:40,317] INFO [ReplicaFetcherManager on broker 1] Removed fetcher for partitions server1-p63718777-m65147027-s-2019-11-30-13-52-26-1 (kafka.server.ReplicaFetcherManager)
[2020-01-01 21:54:40,318] INFO [ReplicaAlterLogDirsManager on broker 1] Removed fetcher for partitions server1-p63718777-m65147027-s-2019-11-30-13-52-26-1 (kafka.server.ReplicaAlterLogDirsManager)
[2020-01-01 21:54:40,318] INFO [GroupMetadataManager brokerId=1] Removed 0 expired offsets in 0 milliseconds. (kafka.coordinator.group.GroupMetadataManager)
[2020-01-01 21:54:40,321] INFO [ReplicaFetcherManager on broker 1] Removed fetcher for partitions  (kafka.server.ReplicaFetcherManager)
[2020-01-01 21:54:40,321] INFO [ReplicaAlterLogDirsManager on broker 1] Removed fetcher for partitions  (kafka.server.ReplicaAlterLogDirsManager)
[2020-01-01 21:54:40,321] INFO [ReplicaFetcherManager on broker 1] Removed fetcher for partitions server1-p63718777-m65147027-s-2019-10-10-23-38-13-1 (kafka.server.ReplicaFetcherManager)
[2020-01-01 21:54:40,321] INFO [ReplicaAlterLogDirsManager on broker 1] Removed fetcher for partitions server1-p63718777-m65147027-s-2019-10-10-23-38-13-1 (kafka.server.ReplicaAlterLogDirsManager)
[2020-01-01 21:54:40,321] INFO [ReplicaFetcherManager on broker 1] Removed fetcher for partitions server1-p63718777-m65147027-s-2019-10-10-23-38-13-2 (kafka.server.ReplicaFetcherManager)
[2020-01-01 21:54:40,321] INFO [ReplicaAlterLogDirsManager on broker 1] Removed fetcher for partitions server1-p63718777-m65147027-s-2019-10-10-23-38-13-2 (kafka.server.ReplicaAlterLogDirsManager)
[2020-01-01 21:54:40,322] INFO [GroupMetadataManager brokerId=1] Removed 0 expired offsets in 0 milliseconds. (kafka.coordinator.group.GroupMetadataManager)
[2020-01-01 21:54:40,324] INFO [ReplicaFetcherManager on broker 1] Removed fetcher for partitions  (kafka.server.ReplicaFetcherManager)
[2020-01-01 21:54:40,324] INFO [ReplicaAlterLogDirsManager on broker 1] Removed fetcher for partitions  (kafka.server.ReplicaAlterLogDirsManager)
[2020-01-01 21:54:40,324] INFO [ReplicaFetcherManager on broker 1] Removed fetcher for partitions server1-p63718777-m65174320-s-2019-11-30-14-02-11-1 (kafka.server.ReplicaFetcherManager)
[2020-01-01 21:54:40,324] INFO [ReplicaAlterLogDirsManager on broker 1] Removed fetcher for partitions server1-p63718777-m65174320-s-2019-11-30-14-02-11-1 (kafka.server.ReplicaAlterLogDirsManager)
[2020-01-01 21:54:40,324] INFO [ReplicaFetcherManager on broker 1] Removed fetcher for partitions server1-p63718777-m65174320-s-2019-11-30-14-02-11-2 (kafka.server.ReplicaFetcherManager)
[2020-01-01 21:54:40,324] INFO [ReplicaAlterLogDirsManager on broker 1] Removed fetcher for partitions server1-p63718777-m65174320-s-2019-11-30-14-02-11-2 (kafka.server.ReplicaAlterLogDirsManager)
[2020-01-01 21:54:40,325] INFO [GroupMetadataManager brokerId=1] Removed 0 expired offsets in 0 milliseconds. (kafka.coordinator.group.GroupMetadataManager)
[2020-01-01 21:54:40,328] INFO [GroupMetadataManager brokerId=1] Removed 0 expired offsets in 0 milliseconds. (kafka.coordinator.group.GroupMetadataManager)
[2020-01-01 21:54:40,329] INFO [ReplicaFetcherManager on broker 1] Removed fetcher for partitions  (kafka.server.ReplicaFetcherManager)
[2020-01-01 21:54:40,329] INFO [ReplicaAlterLogDirsManager on broker 1] Removed fetcher for partitions  (kafka.server.ReplicaAlterLogDirsManager)
[2020-01-01 21:54:40,330] INFO [ReplicaFetcherManager on broker 1] Removed fetcher for partitions server3-p3354627-m24987212-s-2019-10-10-23-37-18-1 (kafka.server.ReplicaFetcherManager)
[2020-01-01 21:54:40,330] INFO [ReplicaAlterLogDirsManager on broker 1] Removed fetcher for partitions server3-p3354627-m24987212-s-2019-10-10-23-37-18-1 (kafka.server.ReplicaAlterLogDirsManager)
[2020-01-01 21:54:40,330] INFO [ReplicaFetcherManager on broker 1] Removed fetcher for partitions server3-p3354627-m24987212-s-2019-10-10-23-37-18-0 (kafka.server.ReplicaFetcherManager)
[2020-01-01 21:54:40,330] INFO [ReplicaAlterLogDirsManager on broker 1] Removed fetcher for partitions server3-p3354627-m24987212-s-2019-10-10-23-37-18-0 (kafka.server.ReplicaAlterLogDirsManager)
[2020-01-01 21:54:40,331] INFO [GroupMetadataManager brokerId=1] Removed 0 expired offsets in 0 milliseconds. (kafka.coordinator.group.GroupMetadataManager)
[2020-01-01 21:54:40,333] INFO [ReplicaFetcherManager on broker 1] Removed fetcher for partitions  (kafka.server.ReplicaFetcherManager)
[2020-01-01 21:54:40,333] INFO [ReplicaAlterLogDirsManager on broker 1] Removed fetcher for partitions  (kafka.server.ReplicaAlterLogDirsManager)
[2020-01-01 21:54:40,333] INFO [ReplicaFetcherManager on broker 1] Removed fetcher for partitions server2-p9458294-m10671835-s-2019-10-13-06-23-35-0 (kafka.server.ReplicaFetcherManager)
[2020-01-01 21:54:40,333] INFO [ReplicaAlterLogDirsManager on broker 1] Removed fetcher for partitions server2-p9458294-m10671835-s-2019-10-13-06-23-35-0 (kafka.server.ReplicaAlterLogDirsManager)
[2020-01-01 21:54:40,334] INFO [GroupMetadataManager brokerId=1] Removed 0 expired offsets in 0 milliseconds. (kafka.coordinator.group.GroupMetadataManager)
[2020-01-01 21:54:40,336] INFO [ReplicaFetcherManager on broker 1] Removed fetcher for partitions  (kafka.server.ReplicaFetcherManager)
[2020-01-01 21:54:40,336] INFO [ReplicaAlterLogDirsManager on broker 1] Removed fetcher for partitions  (kafka.server.ReplicaAlterLogDirsManager)
[2020-01-01 21:54:40,336] INFO [ReplicaFetcherManager on broker 1] Removed fetcher for partitions server1-p63718777-m65147027-s-2019-10-13-19-38-29-2 (kafka.server.ReplicaFetcherManager)
[2020-01-01 21:54:40,336] INFO [ReplicaAlterLogDirsManager on broker 1] Removed fetcher for partitions server1-p63718777-m65147027-s-2019-10-13-19-38-29-2 (kafka.server.ReplicaAlterLogDirsManager)
[2020-01-01 21:54:40,336] INFO [GroupMetadataManager brokerId=1] Removed 0 expired offsets in 0 milliseconds. (kafka.coordinator.group.GroupMetadataManager)
[2020-01-01 21:54:40,338] INFO [ReplicaFetcherManager on broker 1] Removed fetcher for partitions  (kafka.server.ReplicaFetcherManager)
[2020-01-01 21:54:40,338] INFO [ReplicaAlterLogDirsManager on broker 1] Removed fetcher for partitions  (kafka.server.ReplicaAlterLogDirsManager)
[2020-01-01 21:54:40,339] INFO [ReplicaFetcherManager on broker 1] Removed fetcher for partitions server1-p28869389-m34059846-s-2019-10-10-23-45-53-2 (kafka.server.ReplicaFetcherManager)
[2020-01-01 21:54:40,339] INFO [ReplicaAlterLogDirsManager on broker 1] Removed fetcher for partitions server1-p28869389-m34059846-s-2019-10-10-23-45-53-2 (kafka.server.ReplicaAlterLogDirsManager)
[2020-01-01 21:54:40,339] INFO [ReplicaFetcherManager on broker 1] Removed fetcher for partitions server1-p28869389-m34059846-s-2019-10-10-23-45-53-0 (kafka.server.ReplicaFetcherManager)
[2020-01-01 21:54:40,339] INFO [ReplicaAlterLogDirsManager on broker 1] Removed fetcher for partitions server1-p28869389-m34059846-s-2019-10-10-23-45-53-0 (kafka.server.ReplicaAlterLogDirsManager)
[2020-01-01 21:54:43,131] INFO [ReplicaFetcherManager on broker 1] Removed fetcher for partitions server1-p28869389-m30687646-s-2020-01-02-04-54-43-1 (kafka.server.ReplicaFetcherManager)
[2020-01-01 21:54:43,131] INFO [Log partition=server1-p28869389-m30687646-s-2020-01-02-04-54-43-1, dir=/opt/kafka/data] Loading producer state from offset 0 with message format version 1 (kafka.log.Log)
[2020-01-01 21:54:43,131] INFO [Log partition=server1-p28869389-m30687646-s-2020-01-02-04-54-43-1, dir=/opt/kafka/data] Completed load of log with 1 segments, log start offset 0 and log end offset 0 in 0 ms (kafka.log.Log)
[2020-01-01 21:54:43,131] INFO Created log for partition server1-p28869389-m30687646-s-2020-01-02-04-54-43-1 in /opt/kafka/data with properties {compression.type -> producer, message.format.version -> 0.10.1-IV2, file.delete.delay.ms -> 60000, max.message.bytes -> 1000012, min.compaction.lag.ms -> 0, message.timestamp.type -> CreateTime, min.insync.replicas -> 1, segment.jitter.ms -> 0, preallocate -> false, min.cleanable.dirty.ratio -> 0.5, index.interval.bytes -> 4096, unclean.leader.election.enable -> false, retention.bytes -> -1, delete.retention.ms -> 86400000, cleanup.policy -> [delete], flush.ms -> 9223372036854775807, segment.ms -> 604800000, segment.bytes -> 1073741824, retention.ms -> 604800000, message.timestamp.difference.max.ms -> 9223372036854775807, segment.index.bytes -> 10485760, flush.messages -> 9223372036854775807}. (kafka.log.LogManager)
[2020-01-01 21:54:43,133] INFO [Partition server1-p28869389-m30687646-s-2020-01-02-04-54-43-1 broker=1] No checkpointed highwatermark is found for partition server1-p28869389-m30687646-s-2020-01-02-04-54-43-1 (kafka.cluster.Partition)
[2020-01-01 21:54:43,133] INFO Replica loaded for partition server1-p28869389-m30687646-s-2020-01-02-04-54-43-1 with initial high watermark 0 (kafka.cluster.Replica)
[2020-01-01 21:54:43,133] INFO Replica loaded for partition server1-p28869389-m30687646-s-2020-01-02-04-54-43-1 with initial high watermark 0 (kafka.cluster.Replica)
[2020-01-01 21:54:43,133] INFO [Partition server1-p28869389-m30687646-s-2020-01-02-04-54-43-1 broker=1] server1-p28869389-m30687646-s-2020-01-02-04-54-43-1 starts at Leader Epoch 0 from offset 0. Previous Leader Epoch was: -1 (kafka.cluster.Partition)
[2020-01-01 21:54:43,133] INFO Replica loaded for partition server1-p28869389-m30687646-s-2020-01-02-04-54-43-0 with initial high watermark 0 (kafka.cluster.Replica)
[2020-01-01 21:54:43,133] INFO [Log partition=server1-p28869389-m30687646-s-2020-01-02-04-54-43-0, dir=/opt/kafka/data] Loading producer state from offset 0 with message format version 1 (kafka.log.Log)
[2020-01-01 21:54:43,133] INFO [Log partition=server1-p28869389-m30687646-s-2020-01-02-04-54-43-0, dir=/opt/kafka/data] Completed load of log with 1 segments, log start offset 0 and log end offset 0 in 0 ms (kafka.log.Log)
[2020-01-01 21:54:43,134] INFO Created log for partition server1-p28869389-m30687646-s-2020-01-02-04-54-43-0 in /opt/kafka/data with properties {compression.type -> producer, message.format.version -> 0.10.1-IV2, file.delete.delay.ms -> 60000, max.message.bytes -> 1000012, min.compaction.lag.ms -> 0, message.timestamp.type -> CreateTime, min.insync.replicas -> 1, segment.jitter.ms -> 0, preallocate -> false, min.cleanable.dirty.ratio -> 0.5, index.interval.bytes -> 4096, unclean.leader.election.enable -> false, retention.bytes -> -1, delete.retention.ms -> 86400000, cleanup.policy -> [delete], flush.ms -> 9223372036854775807, segment.ms -> 604800000, segment.bytes -> 1073741824, retention.ms -> 604800000, message.timestamp.difference.max.ms -> 9223372036854775807, segment.index.bytes -> 10485760, flush.messages -> 9223372036854775807}. (kafka.log.LogManager)
[2020-01-01 21:54:43,135] INFO [Partition server1-p28869389-m30687646-s-2020-01-02-04-54-43-0 broker=1] No checkpointed highwatermark is found for partition server1-p28869389-m30687646-s-2020-01-02-04-54-43-0 (kafka.cluster.Partition)
[2020-01-01 21:54:43,135] INFO Replica loaded for partition server1-p28869389-m30687646-s-2020-01-02-04-54-43-0 with initial high watermark 0 (kafka.cluster.Replica)
[2020-01-01 21:54:43,135] INFO [ReplicaFetcherManager on broker 1] Removed fetcher for partitions server1-p28869389-m30687646-s-2020-01-02-04-54-43-0 (kafka.server.ReplicaFetcherManager)
[2020-01-01 21:54:43,135] INFO [ReplicaFetcherManager on broker 1] Added fetcher for partitions List([server1-p28869389-m30687646-s-2020-01-02-04-54-43-0, initOffset 0 to broker BrokerEndPoint(3,a1-k03-lkaf03.clarabridge.net,9092)] ) (kafka.server.ReplicaFetcherManager)
[2020-01-01 21:54:43,135] INFO [ReplicaAlterLogDirsManager on broker 1] Added fetcher for partitions List() (kafka.server.ReplicaAlterLogDirsManager)
[2020-01-01 21:54:43,136] INFO [GroupMetadataManager brokerId=1] Removed 0 expired offsets in 1 milliseconds. (kafka.coordinator.group.GroupMetadataManager)
[2020-01-01 21:54:43,481] WARN [ReplicaFetcher replicaId=1, leaderId=3, fetcherId=0] Based on follower's leader epoch, leader replied with an unknown offset in server1-p28869389-m30687646-s-2020-01-02-04-54-43-0. The initial fetch offset 0 will be used for truncation. (kafka.server.ReplicaFetcherThread)
[2020-01-01 21:54:43,481] INFO [Log partition=server1-p28869389-m30687646-s-2020-01-02-04-54-43-0, dir=/opt/kafka/data] Truncating to 0 has no effect as the largest offset in the log is -1 (kafka.log.Log)
[2020-01-01 21:54:43,836] INFO Deleted log /opt/kafka/data/server1-p63718777-m65147027-s-2020-01-02-04-53-37-2.70d2f214a5d34cf6abc20346f5000cd2-delete/00000000000000000000.log. (kafka.log.LogSegment)
[2020-01-01 21:54:43,836] INFO Deleted offset index /opt/kafka/data/server1-p63718777-m65147027-s-2020-01-02-04-53-37-2.70d2f214a5d34cf6abc20346f5000cd2-delete/00000000000000000000.index. (kafka.log.LogSegment)
[2020-01-01 21:54:43,836] INFO Deleted time index /opt/kafka/data/server1-p63718777-m65147027-s-2020-01-02-04-53-37-2.70d2f214a5d34cf6abc20346f5000cd2-delete/00000000000000000000.timeindex. (kafka.log.LogSegment)
[2020-01-01 21:54:43,836] INFO Deleted log for partition server1-p63718777-m65147027-s-2020-01-02-04-53-37-2 in /opt/kafka/data/server1-p63718777-m65147027-s-2020-01-02-04-53-37-2.70d2f214a5d34cf6abc20346f5000cd2-delete. (kafka.log.LogManager)
